🚀 Starting JobPrep AI Backend Tests
🌐 Testing against: http://localhost:8001
test_01_health_check (__main__.JobPrepAIBackendTests.test_01_health_check)
Test the health check endpoint ... 
🔍 Testing health check endpoint...
✅ Health check passed
ok
test_02_upload_pdf (__main__.JobPrepAIBackendTests.test_02_upload_pdf)
Test PDF upload functionality ... 
🔍 Testing PDF upload functionality...
✅ PDF upload test passed
ok
test_03_upload_docx (__main__.JobPrepAIBackendTests.test_03_upload_docx)
Test DOCX upload functionality ... 
🔍 Testing DOCX upload functionality...
✅ DOCX upload test passed
ok
test_04_upload_doc (__main__.JobPrepAIBackendTests.test_04_upload_doc)
Test DOC upload functionality ... 
🔍 Testing DOC upload functionality...
✅ DOC upload test passed
ok
test_05_upload_txt (__main__.JobPrepAIBackendTests.test_05_upload_txt)
Test TXT upload functionality ... 
🔍 Testing TXT upload functionality...
✅ TXT upload test passed
ok
test_06_upload_unsupported_format (__main__.JobPrepAIBackendTests.test_06_upload_unsupported_format)
Test unsupported file format upload ... 
🔍 Testing unsupported file format upload...
✅ Unsupported format test passed
ok
test_07_upload_oversized_file (__main__.JobPrepAIBackendTests.test_07_upload_oversized_file)
Test file size validation (10MB limit) ... 
🔍 Testing file size validation...
⚠️ Server accepted oversized file or returned unexpected response
Status: 200, Response: {"success":true,"cv_text":"This is a test fileThis is a test fileThis is a test fileThis is a test f
ok
test_08_analyze_cv (__main__.JobPrepAIBackendTests.test_08_analyze_cv)
Test CV analysis functionality with focus on real AI responses ... 
🔍 Testing CV analysis functionality...
✅ CV analysis test passed
📝 Analysis ID: d1bc6fb7-b266-4cea-af71-9444909f8ace
ok
test_09_company_research (__main__.JobPrepAIBackendTests.test_09_company_research)
Test company research functionality with focus on real AI responses ... 
🔍 Testing company research functionality for Imec...
FAIL
test_10_get_analysis (__main__.JobPrepAIBackendTests.test_10_get_analysis)
Test retrieving previous analysis ... 
🔍 Testing analysis retrieval...
⚠️ Skipping analysis retrieval test - no analysis ID available
ok
test_11_multi_ai_orchestration (__main__.JobPrepAIBackendTests.test_11_multi_ai_orchestration)
Test Multi-AI Orchestration with focus on real AI responses from each model ... 
🔍 Testing Multi-AI Orchestration with real AI responses...
✅ Multi-AI Orchestration test passed - all AI models returning real results
ok

======================================================================
FAIL: test_09_company_research (__main__.JobPrepAIBackendTests.test_09_company_research)
Test company research functionality with focus on real AI responses
----------------------------------------------------------------------
Traceback (most recent call last):
  File "/app/backend_test.py", line 289, in test_09_company_research
    self.assertTrue(field in culture, f"Field '{field}' missing from culture analysis")
AssertionError: False is not true : Field 'work_culture' missing from culture analysis

----------------------------------------------------------------------
Ran 11 tests in 319.508s

FAILED (failures=1)

📊 Test Summary:
Total tests: 11
Failures: 1
Errors: 0
Skipped: 0
